Assignment 2 A- GIT AND GITHUB




GIT-

* Git is a modern and widely used distributed version control system in the world. It is developed to manage projects with high speed and efficiency. The version control system allows us to monitor and work together with our team members at the same workspace.
* Git is foundation of many services like GitHub and GitLab, but we can use Git without using any other Git services. Git can be used privately and publicly.
* Git was created by Linus Torvalds in 2005 to develop Linux Kernel. It is also used as an important distributed version-control tool for the DevOps.
* Git is easy to learn, and has fast performance.

GITHUB-

* GitHub is a Git repository hosting service. GitHub also facilitates with many of its features, such as access control and collaboration. It provides a Web-based graphical interface.
* GitHub is an American company. It hosts source code of your project in the form of different programming languages and keeps track of the various changes made by programmers.
* It offers both distributed version control and source code management (SCM) functionality of Git.
* GitHub is a place where programmers and designers work together. They collaborate, contribute, and fix bugs together. It hosts plenty of open source projects and codes of various programming languages.

* GitHub can be separated as the Git and the Hub. GitHub service includes access controls as well as collaboration features like task management, repository hosting, and team management.


GITHUB COMMANDS-


Dell@DESKTOP-ILN5I95 MINGW32 /g/GITHUB (master)
$ git clone https://github.com/snehal2201/WADPR.git
Cloning into 'WADPR'...
remote: Enumerating objects: 6, done.
remote: Counting objects: 100% (6/6), done.
remote: Compressing objects: 100% (3/3), done.
remote: Total 6 (delta 0), reused 0 (delta 0), pack-reused 0
Receiving objects: 100% (6/6), done.

Dell@DESKTOP-ILN5I95 MINGW32 /g/GITHUB (master)
$ git status
warning: could not open directory 'System Volume Information/': Permission denied
On branch master

No commits yet

Changes to be committed:
  (use "git rm --cached <file>..." to unstage)
        new file:   Test

Changes not staged for commit:
  (use "git add <file>..." to update what will be committed)
  (use "git restore <file>..." to discard changes in working directory)
        modified:   Test (new commits)

Untracked files:
  (use "git add <file>..." to include in what will be committed)
        ../$RECYCLE.BIN/
        WADPR/


Dell@DESKTOP-ILN5I95 MINGW32 /g/GITHUB (master)
$ cd WADPR

Dell@DESKTOP-ILN5I95 MINGW32 /g/GITHUB/WADPR (main)
$ git status
On branch main
Your branch is up to date with 'origin/main'.

nothing to commit, working tree clean

Dell@DESKTOP-ILN5I95 MINGW32 /g/GITHUB/WADPR (main)
$ git add .

Dell@DESKTOP-ILN5I95 MINGW32 /g/GITHUB/WADPR (main)
$ git status
On branch main
Your branch is up to date with 'origin/main'.

Changes to be committed:
  (use "git restore --staged <file>..." to unstage)
        modified:   Assi2A


Dell@DESKTOP-ILN5I95 MINGW32 /g/GITHUB/WADPR (main)
$ git commit -m "Assi2A file will Modified"
[main 0255507] Assi2A file will Modified
 1 file changed, 22 insertions(+)

Dell@DESKTOP-ILN5I95 MINGW32 /g/GITHUB/WADPR (main)
$ git status
On branch main
Your branch is ahead of 'origin/main' by 1 commit.
  (use "git push" to publish your local commits)

nothing to commit, working tree clean

Dell@DESKTOP-ILN5I95 MINGW32 /g/GITHUB/WADPR (main)
$ git push origin
Enumerating objects: 5, done.
Counting objects: 100% (5/5), done.
Delta compression using up to 4 threads
Compressing objects: 100% (3/3), done.
Writing objects: 100% (3/3), 1.01 KiB | 515.00 KiB/s, done.
Total 3 (delta 0), reused 0 (delta 0), pack-reused 0
To https://github.com/snehal2201/WADPR.git
   3385bcd..0255507  main -> main

Dell@DESKTOP-ILN5I95 MINGW32 /g/GITHUB/WADPR (main)


